
*** Running vivado
    with args -log soc_lite_top.vdi -applog -m64 -product Vivado -messageDb vivado.pb -mode batch -source soc_lite_top.tcl -notrace


ECHO 处于关闭状态。
ECHO 处于关闭状态。

****** Vivado v2023.1 (64-bit)
  **** SW Build 3865809 on Sun May  7 15:05:29 MDT 2023
  **** IP Build 3864474 on Sun May  7 20:36:21 MDT 2023
  **** SharedData Build 3865790 on Sun May 07 13:33:03 MDT 2023
    ** Copyright 1986-2022 Xilinx, Inc. All Rights Reserved.
    ** Copyright 2022-2023 Advanced Micro Devices, Inc. All Rights Reserved.

source soc_lite_top.tcl -notrace
create_project: Time (s): cpu = 00:00:13 ; elapsed = 00:00:14 . Memory (MB): peak = 433.551 ; gain = 163.902
Command: link_design -top soc_lite_top -part xc7a100ticsg324-1L
Design is defaulting to srcset: sources_1
Design is defaulting to constrset: constrs_1
INFO: [Device 21-403] Loading part xc7a100ticsg324-1L
INFO: [Project 1-454] Reading design checkpoint 'd:/nscscc/cdp_ede_local-master/mycpu_env/soc_verify/soc_dram/rtl/xilinx_ip/data_ram/data_ram.dcp' for cell 'data_ram'
INFO: [Project 1-454] Reading design checkpoint 'd:/nscscc/cdp_ede_local-master/mycpu_env/soc_verify/soc_dram/rtl/xilinx_ip/inst_ram/inst_ram.dcp' for cell 'inst_ram'
INFO: [Project 1-454] Reading design checkpoint 'd:/nscscc/cdp_ede_local-master/mycpu_env/soc_verify/soc_dram/rtl/xilinx_ip/clk_pll/clk_pll.dcp' for cell 'pll.clk_pll'
Netlist sorting complete. Time (s): cpu = 00:00:00 ; elapsed = 00:00:00.110 . Memory (MB): peak = 898.055 ; gain = 0.000
INFO: [Netlist 29-17] Analyzing 5227 Unisim elements for replacement
INFO: [Netlist 29-28] Unisim Transformation completed in 5 CPU seconds
INFO: [Project 1-479] Netlist was created with Vivado 2023.1
INFO: [Project 1-570] Preparing netlist for logic optimization
Parsing XDC File [d:/nscscc/cdp_ede_local-master/mycpu_env/soc_verify/soc_dram/rtl/xilinx_ip/clk_pll/clk_pll_board.xdc] for cell 'pll.clk_pll/inst'
Finished Parsing XDC File [d:/nscscc/cdp_ede_local-master/mycpu_env/soc_verify/soc_dram/rtl/xilinx_ip/clk_pll/clk_pll_board.xdc] for cell 'pll.clk_pll/inst'
Parsing XDC File [d:/nscscc/cdp_ede_local-master/mycpu_env/soc_verify/soc_dram/rtl/xilinx_ip/clk_pll/clk_pll.xdc] for cell 'pll.clk_pll/inst'
INFO: [Timing 38-35] Done setting XDC timing constraints. [d:/nscscc/cdp_ede_local-master/mycpu_env/soc_verify/soc_dram/rtl/xilinx_ip/clk_pll/clk_pll.xdc:57]
INFO: [Timing 38-2] Deriving generated clocks [d:/nscscc/cdp_ede_local-master/mycpu_env/soc_verify/soc_dram/rtl/xilinx_ip/clk_pll/clk_pll.xdc:57]
get_clocks: Time (s): cpu = 00:00:19 ; elapsed = 00:00:19 . Memory (MB): peak = 1679.062 ; gain = 607.391
Finished Parsing XDC File [d:/nscscc/cdp_ede_local-master/mycpu_env/soc_verify/soc_dram/rtl/xilinx_ip/clk_pll/clk_pll.xdc] for cell 'pll.clk_pll/inst'
Parsing XDC File [D:/nscscc/cdp_ede_local-master/mycpu_env/soc_verify/soc_dram/run_vivado/constraints/soc_lite_top.xdc]
INFO: [Timing 38-2] Deriving generated clocks [D:/nscscc/cdp_ede_local-master/mycpu_env/soc_verify/soc_dram/run_vivado/constraints/soc_lite_top.xdc:256]
Finished Parsing XDC File [D:/nscscc/cdp_ede_local-master/mycpu_env/soc_verify/soc_dram/run_vivado/constraints/soc_lite_top.xdc]
INFO: [Opt 31-138] Pushed 0 inverter(s) to 0 load pin(s).
Netlist sorting complete. Time (s): cpu = 00:00:00 ; elapsed = 00:00:00.051 . Memory (MB): peak = 1682.270 ; gain = 0.000
INFO: [Project 1-111] Unisim Transformation Summary:
  A total of 4238 instances were transformed.
  RAM256X1S => RAM256X1S (MUXF7(x2), MUXF8, RAMS64E(x4)): 4224 instances
  RAM32M => RAM32M (RAMD32(x6), RAMS32(x2)): 10 instances
  RAM32X1D => RAM32X1D (RAMD32(x2)): 4 instances

13 Infos, 0 Warnings, 0 Critical Warnings and 0 Errors encountered.
link_design completed successfully
link_design: Time (s): cpu = 00:00:44 ; elapsed = 00:00:47 . Memory (MB): peak = 1682.270 ; gain = 1214.242
Command: opt_design
Attempting to get a license for feature 'Implementation' and/or device 'xc7a100ti'
INFO: [Common 17-349] Got license for feature 'Implementation' and/or device 'xc7a100ti'
Running DRC as a precondition to command opt_design

Starting DRC Task
INFO: [DRC 23-27] Running DRC with 2 threads
INFO: [Project 1-461] DRC finished with 0 Errors
INFO: [Project 1-462] Please refer to the DRC report (report_drc) for more information.

Time (s): cpu = 00:00:03 ; elapsed = 00:00:02 . Memory (MB): peak = 1682.270 ; gain = 0.000

Starting Cache Timing Information Task
INFO: [Timing 38-35] Done setting XDC timing constraints.
Ending Cache Timing Information Task | Checksum: 13973e707

Time (s): cpu = 00:00:05 ; elapsed = 00:00:03 . Memory (MB): peak = 1713.562 ; gain = 31.293

Starting Logic Optimization Task

Phase 1 Retarget
INFO: [Opt 31-138] Pushed 0 inverter(s) to 0 load pin(s).
INFO: [Opt 31-49] Retargeted 0 cell(s).
Phase 1 Retarget | Checksum: 13973e707

Time (s): cpu = 00:00:22 ; elapsed = 00:00:12 . Memory (MB): peak = 2073.738 ; gain = 33.508
INFO: [Opt 31-389] Phase Retarget created 0 cells and removed 0 cells
INFO: [Opt 31-1021] In phase Retarget, 1 netlist objects are constrained preventing optimization. Please run opt_design with -debug_log to get more detail. 

Phase 2 Constant propagation
INFO: [Opt 31-138] Pushed 0 inverter(s) to 0 load pin(s).
Phase 2 Constant propagation | Checksum: 15718ac44

Time (s): cpu = 00:00:24 ; elapsed = 00:00:14 . Memory (MB): peak = 2073.738 ; gain = 33.508
INFO: [Opt 31-389] Phase Constant propagation created 0 cells and removed 144 cells

Phase 3 Sweep
Phase 3 Sweep | Checksum: 19e44f320

Time (s): cpu = 00:00:25 ; elapsed = 00:00:15 . Memory (MB): peak = 2073.738 ; gain = 33.508
INFO: [Opt 31-389] Phase Sweep created 20 cells and removed 78 cells

Phase 4 BUFG optimization
Phase 4 BUFG optimization | Checksum: 19e44f320

Time (s): cpu = 00:00:27 ; elapsed = 00:00:16 . Memory (MB): peak = 2073.738 ; gain = 33.508
INFO: [Opt 31-662] Phase BUFG optimization created 0 cells of which 0 are BUFGs and removed 0 cells.

Phase 5 Shift Register Optimization
INFO: [Opt 31-1064] SRL Remap converted 0 SRLs to 0 registers and converted 0 registers of register chains to 0 SRLs
Phase 5 Shift Register Optimization | Checksum: 16a675c83

Time (s): cpu = 00:00:29 ; elapsed = 00:00:17 . Memory (MB): peak = 2073.738 ; gain = 33.508
INFO: [Opt 31-389] Phase Shift Register Optimization created 0 cells and removed 0 cells

Phase 6 Post Processing Netlist
Phase 6 Post Processing Netlist | Checksum: 1865eb3c4

Time (s): cpu = 00:00:29 ; elapsed = 00:00:17 . Memory (MB): peak = 2073.738 ; gain = 33.508
INFO: [Opt 31-389] Phase Post Processing Netlist created 0 cells and removed 0 cells
Opt_design Change Summary
=========================


-------------------------------------------------------------------------------------------------------------------------
|  Phase                        |  #Cells created  |  #Cells Removed  |  #Constrained objects preventing optimizations  |
-------------------------------------------------------------------------------------------------------------------------
|  Retarget                     |               0  |               0  |                                              1  |
|  Constant propagation         |               0  |             144  |                                              0  |
|  Sweep                        |              20  |              78  |                                              0  |
|  BUFG optimization            |               0  |               0  |                                              0  |
|  Shift Register Optimization  |               0  |               0  |                                              0  |
|  Post Processing Netlist      |               0  |               0  |                                              0  |
-------------------------------------------------------------------------------------------------------------------------



Starting Connectivity Check Task

Time (s): cpu = 00:00:00 ; elapsed = 00:00:00.031 . Memory (MB): peak = 2073.738 ; gain = 0.000
Ending Logic Optimization Task | Checksum: 1865eb3c4

Time (s): cpu = 00:00:29 ; elapsed = 00:00:18 . Memory (MB): peak = 2073.738 ; gain = 33.508

Starting Power Optimization Task
INFO: [Pwropt 34-132] Skipping clock gating for clocks with a period < 2.00 ns.
Ending Power Optimization Task | Checksum: 1865eb3c4

Time (s): cpu = 00:00:00 ; elapsed = 00:00:00.131 . Memory (MB): peak = 2073.738 ; gain = 0.000

Starting Final Cleanup Task
Ending Final Cleanup Task | Checksum: 1865eb3c4

Time (s): cpu = 00:00:00 ; elapsed = 00:00:00.019 . Memory (MB): peak = 2073.738 ; gain = 0.000

Starting Netlist Obfuscation Task
Netlist sorting complete. Time (s): cpu = 00:00:00 ; elapsed = 00:00:00.053 . Memory (MB): peak = 2073.738 ; gain = 0.000
Ending Netlist Obfuscation Task | Checksum: 1865eb3c4

Time (s): cpu = 00:00:00 ; elapsed = 00:00:00.074 . Memory (MB): peak = 2073.738 ; gain = 0.000
INFO: [Common 17-83] Releasing license: Implementation
31 Infos, 0 Warnings, 0 Critical Warnings and 0 Errors encountered.
opt_design completed successfully
opt_design: Time (s): cpu = 00:00:42 ; elapsed = 00:00:30 . Memory (MB): peak = 2073.738 ; gain = 391.469
INFO: [runtcl-4] Executing : report_drc -file soc_lite_top_drc_opted.rpt -pb soc_lite_top_drc_opted.pb -rpx soc_lite_top_drc_opted.rpx
Command: report_drc -file soc_lite_top_drc_opted.rpt -pb soc_lite_top_drc_opted.pb -rpx soc_lite_top_drc_opted.rpx
INFO: [IP_Flow 19-1839] IP Catalog is up to date.
INFO: [DRC 23-27] Running DRC with 2 threads
INFO: [Vivado_Tcl 2-168] The results of DRC are in file D:/nscscc/cdp_ede_local-master/mycpu_env/soc_verify/soc_dram/run_vivado/project/loongson.runs/impl_1/soc_lite_top_drc_opted.rpt.
report_drc completed successfully
INFO: [Timing 38-480] Writing timing data to binary archive.
Writing XDEF routing.
Writing XDEF routing logical nets.
Writing XDEF routing special nets.
Write XDEF Complete: Time (s): cpu = 00:00:00 ; elapsed = 00:00:00.155 . Memory (MB): peak = 2073.738 ; gain = 0.000
INFO: [Common 17-1381] The checkpoint 'D:/nscscc/cdp_ede_local-master/mycpu_env/soc_verify/soc_dram/run_vivado/project/loongson.runs/impl_1/soc_lite_top_opt.dcp' has been generated.
Command: place_design
Attempting to get a license for feature 'Implementation' and/or device 'xc7a100ti'
INFO: [Common 17-349] Got license for feature 'Implementation' and/or device 'xc7a100ti'
INFO: [DRC 23-27] Running DRC with 2 threads
INFO: [Vivado_Tcl 4-198] DRC finished with 0 Errors
INFO: [Vivado_Tcl 4-199] Please refer to the DRC report (report_drc) for more information.
Running DRC as a precondition to command place_design
INFO: [DRC 23-27] Running DRC with 2 threads
INFO: [Vivado_Tcl 4-198] DRC finished with 0 Errors
INFO: [Vivado_Tcl 4-199] Please refer to the DRC report (report_drc) for more information.

Starting Placer Task
INFO: [Place 30-611] Multithreading enabled for place_design using a maximum of 2 CPUs

Phase 1 Placer Initialization

Phase 1.1 Placer Initialization Netlist Sorting
Netlist sorting complete. Time (s): cpu = 00:00:00 ; elapsed = 00:00:00.043 . Memory (MB): peak = 2073.738 ; gain = 0.000
Phase 1.1 Placer Initialization Netlist Sorting | Checksum: 10215cbad

Time (s): cpu = 00:00:00 ; elapsed = 00:00:00.121 . Memory (MB): peak = 2073.738 ; gain = 0.000
Netlist sorting complete. Time (s): cpu = 00:00:00 ; elapsed = 00:00:00.042 . Memory (MB): peak = 2073.738 ; gain = 0.000

Phase 1.2 IO Placement/ Clock Placement/ Build Placer Device
INFO: [Timing 38-35] Done setting XDC timing constraints.
Phase 1.2 IO Placement/ Clock Placement/ Build Placer Device | Checksum: 10851f932

Time (s): cpu = 00:00:08 ; elapsed = 00:00:08 . Memory (MB): peak = 2073.738 ; gain = 0.000

Phase 1.3 Build Placer Netlist Model
Phase 1.3 Build Placer Netlist Model | Checksum: 1c0bf362b

Time (s): cpu = 00:00:55 ; elapsed = 00:00:43 . Memory (MB): peak = 2352.445 ; gain = 278.707

Phase 1.4 Constrain Clocks/Macros
Phase 1.4 Constrain Clocks/Macros | Checksum: 1c0bf362b

Time (s): cpu = 00:00:55 ; elapsed = 00:00:44 . Memory (MB): peak = 2352.445 ; gain = 278.707
Phase 1 Placer Initialization | Checksum: 1c0bf362b

Time (s): cpu = 00:00:55 ; elapsed = 00:00:44 . Memory (MB): peak = 2352.445 ; gain = 278.707

Phase 2 Global Placement

Phase 2.1 Floorplanning
Phase 2.1 Floorplanning | Checksum: 1e069fa22

Time (s): cpu = 00:01:05 ; elapsed = 00:00:50 . Memory (MB): peak = 2352.445 ; gain = 278.707

Phase 2.2 Update Timing before SLR Path Opt
Phase 2.2 Update Timing before SLR Path Opt | Checksum: 1a97ad2e2

Time (s): cpu = 00:01:15 ; elapsed = 00:00:57 . Memory (MB): peak = 2352.445 ; gain = 278.707

Phase 2.3 Post-Processing in Floorplanning
Phase 2.3 Post-Processing in Floorplanning | Checksum: 1a97ad2e2

Time (s): cpu = 00:01:16 ; elapsed = 00:00:58 . Memory (MB): peak = 2352.445 ; gain = 278.707

Phase 2.4 Global Placement Core

Phase 2.4.1 UpdateTiming Before Physical Synthesis
Phase 2.4.1 UpdateTiming Before Physical Synthesis | Checksum: 1c2fa515f

Time (s): cpu = 00:02:32 ; elapsed = 00:01:58 . Memory (MB): peak = 2352.445 ; gain = 278.707

Phase 2.4.2 Physical Synthesis In Placer
INFO: [Physopt 32-1035] Found 123 LUTNM shape to break, 49 LUT instances to create LUTNM shape
INFO: [Physopt 32-1044] Break lutnm for timing: one critical 5, two critical 118, total 123, new lutff created 0
INFO: [Physopt 32-1138] End 1 Pass. Optimized 143 nets or LUTs. Breaked 123 LUTs, combined 20 existing LUTs and moved 0 existing LUT
INFO: [Physopt 32-76] Pass 1. Identified 10 candidate nets for fanout optimization.
INFO: [Physopt 32-81] Processed net cpu/Q[0]. Replicated 16 times.
INFO: [Physopt 32-81] Processed net cpu/Q[2]. Replicated 16 times.
INFO: [Physopt 32-81] Processed net cpu/Q[1]. Replicated 16 times.
INFO: [Physopt 32-81] Processed net cpu/Q[3]. Replicated 16 times.
INFO: [Physopt 32-81] Processed net cpu/Q[7]. Replicated 14 times.
INFO: [Physopt 32-81] Processed net cpu/Q[4]. Replicated 16 times.
INFO: [Physopt 32-81] Processed net cpu/Q[5]. Replicated 16 times.
INFO: [Physopt 32-81] Processed net cpu/Q[6]. Replicated 13 times.
INFO: [Physopt 32-81] Processed net cpu/Q[8]. Replicated 6 times.
INFO: [Physopt 32-81] Processed net cpu/Q[9]. Replicated 6 times.
INFO: [Physopt 32-232] Optimized 10 nets. Created 135 new instances.
INFO: [Physopt 32-775] End 1 Pass. Optimized 10 nets or cells. Created 135 new cells, deleted 0 existing cell and moved 0 existing cell
Netlist sorting complete. Time (s): cpu = 00:00:01 ; elapsed = 00:00:00.241 . Memory (MB): peak = 2352.445 ; gain = 0.000
INFO: [Physopt 32-456] No candidate cells for DSP register optimization found in the design.
INFO: [Physopt 32-775] End 2 Pass. Optimized 0 net or cell. Created 0 new cell, deleted 0 existing cell and moved 0 existing cell
INFO: [Physopt 32-1123] No candidate cells found for Shift Register to Pipeline optimization
INFO: [Physopt 32-775] End 2 Pass. Optimized 0 net or cell. Created 0 new cell, deleted 0 existing cell and moved 0 existing cell
INFO: [Physopt 32-677] No candidate cells for Shift Register optimization found in the design
INFO: [Physopt 32-775] End 1 Pass. Optimized 0 net or cell. Created 0 new cell, deleted 0 existing cell and moved 0 existing cell
INFO: [Physopt 32-526] No candidate cells for BRAM register optimization found in the design
INFO: [Physopt 32-775] End 1 Pass. Optimized 0 net or cell. Created 0 new cell, deleted 0 existing cell and moved 0 existing cell
INFO: [Physopt 32-846] No candidate cells for URAM register optimization found in the design
INFO: [Physopt 32-775] End 1 Pass. Optimized 0 net or cell. Created 0 new cell, deleted 0 existing cell and moved 0 existing cell
INFO: [Physopt 32-846] No candidate cells for URAM register optimization found in the design
INFO: [Physopt 32-775] End 1 Pass. Optimized 0 net or cell. Created 0 new cell, deleted 0 existing cell and moved 0 existing cell
INFO: [Physopt 32-949] No candidate nets found for dynamic/static region interface net replication
INFO: [Physopt 32-775] End 1 Pass. Optimized 0 net or cell. Created 0 new cell, deleted 0 existing cell and moved 0 existing cell
Netlist sorting complete. Time (s): cpu = 00:00:00 ; elapsed = 00:00:00.048 . Memory (MB): peak = 2352.445 ; gain = 0.000
INFO: [Physopt 32-68] No nets found for critical-cell optimization.
INFO: [Physopt 32-232] Optimized 0 net. Created 0 new instance.
INFO: [Physopt 32-775] End 1 Pass. Optimized 0 net or cell. Created 0 new cell, deleted 0 existing cell and moved 0 existing cell
Netlist sorting complete. Time (s): cpu = 00:00:00 ; elapsed = 00:00:00.049 . Memory (MB): peak = 2352.445 ; gain = 0.000

Summary of Physical Synthesis Optimizations
============================================


-----------------------------------------------------------------------------------------------------------------------------------------------------------
|  Optimization                                     |  Added Cells  |  Removed Cells  |  Optimized Cells/Nets  |  Dont Touch  |  Iterations  |  Elapsed   |
-----------------------------------------------------------------------------------------------------------------------------------------------------------
|  LUT Combining                                    |          123  |             20  |                   143  |           0  |           1  |  00:00:01  |
|  Retime                                           |            0  |              0  |                     0  |           0  |           1  |  00:00:00  |
|  Very High Fanout                                 |          135  |              0  |                    10  |           0  |           1  |  00:00:56  |
|  DSP Register                                     |            0  |              0  |                     0  |           0  |           1  |  00:00:00  |
|  Shift Register to Pipeline                       |            0  |              0  |                     0  |           0  |           1  |  00:00:00  |
|  Shift Register                                   |            0  |              0  |                     0  |           0  |           1  |  00:00:00  |
|  BRAM Register                                    |            0  |              0  |                     0  |           0  |           1  |  00:00:00  |
|  URAM Register                                    |            0  |              0  |                     0  |           0  |           1  |  00:00:00  |
|  Dynamic/Static Region Interface Net Replication  |            0  |              0  |                     0  |           0  |           1  |  00:00:00  |
|  Critical Cell                                    |            0  |              0  |                     0  |           0  |           1  |  00:00:00  |
|  Total                                            |          258  |             20  |                   153  |           0  |          10  |  00:00:58  |
-----------------------------------------------------------------------------------------------------------------------------------------------------------


Phase 2.4.2 Physical Synthesis In Placer | Checksum: 10a029bed

Time (s): cpu = 00:03:41 ; elapsed = 00:03:04 . Memory (MB): peak = 2352.445 ; gain = 278.707
Phase 2.4 Global Placement Core | Checksum: 1447f98b8

Time (s): cpu = 00:03:56 ; elapsed = 00:03:14 . Memory (MB): peak = 2352.445 ; gain = 278.707
Phase 2 Global Placement | Checksum: 1447f98b8

Time (s): cpu = 00:03:56 ; elapsed = 00:03:14 . Memory (MB): peak = 2352.445 ; gain = 278.707

Phase 3 Detail Placement

Phase 3.1 Commit Multi Column Macros
Phase 3.1 Commit Multi Column Macros | Checksum: 18440b6b6

Time (s): cpu = 00:04:08 ; elapsed = 00:03:21 . Memory (MB): peak = 2352.445 ; gain = 278.707

Phase 3.2 Commit Most Macros & LUTRAMs
Phase 3.2 Commit Most Macros & LUTRAMs | Checksum: 1751eb78a

Time (s): cpu = 00:07:48 ; elapsed = 00:06:49 . Memory (MB): peak = 2352.445 ; gain = 278.707

Phase 3.3 Area Swap Optimization
Phase 3.3 Area Swap Optimization | Checksum: 138adc825

Time (s): cpu = 00:07:49 ; elapsed = 00:06:50 . Memory (MB): peak = 2352.445 ; gain = 278.707

Phase 3.4 Pipeline Register Optimization
Phase 3.4 Pipeline Register Optimization | Checksum: 19b7d1f5c

Time (s): cpu = 00:07:50 ; elapsed = 00:06:50 . Memory (MB): peak = 2352.445 ; gain = 278.707

Phase 3.5 Fast Optimization
Phase 3.5 Fast Optimization | Checksum: 2314c340a

Time (s): cpu = 00:09:35 ; elapsed = 00:08:25 . Memory (MB): peak = 2352.445 ; gain = 278.707

Phase 3.6 Small Shape Detail Placement
Phase 3.6 Small Shape Detail Placement | Checksum: 18baf42fa

Time (s): cpu = 00:09:42 ; elapsed = 00:08:32 . Memory (MB): peak = 2352.445 ; gain = 278.707

Phase 3.7 Re-assign LUT pins
Phase 3.7 Re-assign LUT pins | Checksum: 1d2b1a9ad

Time (s): cpu = 00:09:43 ; elapsed = 00:08:33 . Memory (MB): peak = 2352.445 ; gain = 278.707

Phase 3.8 Pipeline Register Optimization
Phase 3.8 Pipeline Register Optimization | Checksum: 1ad6224f6

Time (s): cpu = 00:09:44 ; elapsed = 00:08:33 . Memory (MB): peak = 2352.445 ; gain = 278.707

Phase 3.9 Fast Optimization
Phase 3.9 Fast Optimization | Checksum: 1d1daad75

Time (s): cpu = 00:11:33 ; elapsed = 00:10:10 . Memory (MB): peak = 2352.445 ; gain = 278.707
Phase 3 Detail Placement | Checksum: 1d1daad75

Time (s): cpu = 00:11:33 ; elapsed = 00:10:10 . Memory (MB): peak = 2352.445 ; gain = 278.707

Phase 4 Post Placement Optimization and Clean-Up

Phase 4.1 Post Commit Optimization
INFO: [Timing 38-35] Done setting XDC timing constraints.

Phase 4.1.1 Post Placement Optimization
Post Placement Optimization Initialization | Checksum: 178a478a8

Phase 4.1.1.1 BUFG Insertion

Starting Physical Synthesis Task

Phase 1 Physical Synthesis Initialization
INFO: [Physopt 32-721] Multithreading enabled for phys_opt_design using a maximum of 2 CPUs
INFO: [Physopt 32-619] Estimated Timing Summary | WNS=-7.435 | TNS=-13206.140 |
Phase 1 Physical Synthesis Initialization | Checksum: 212b96687

Time (s): cpu = 00:00:36 ; elapsed = 00:00:30 . Memory (MB): peak = 2440.090 ; gain = 58.160
INFO: [Place 46-56] BUFG insertion identified 0 candidate nets. Inserted BUFG: 0, Replicated BUFG Driver: 0, Skipped due to Placement/Routing Conflicts: 0, Skipped due to Timing Degradation: 0, Skipped due to netlist editing failed: 0.
Ending Physical Synthesis Task | Checksum: 212b96687

Time (s): cpu = 00:00:52 ; elapsed = 00:00:39 . Memory (MB): peak = 2440.586 ; gain = 58.656
Phase 4.1.1.1 BUFG Insertion | Checksum: 178a478a8

Time (s): cpu = 00:13:05 ; elapsed = 00:11:15 . Memory (MB): peak = 2440.586 ; gain = 366.848

Phase 4.1.1.2 Post Placement Timing Optimization
INFO: [Place 30-746] Post Placement Timing Summary WNS=-5.169. For the most accurate timing information please run report_timing.
Phase 4.1.1.2 Post Placement Timing Optimization | Checksum: f40131e6

Time (s): cpu = 00:30:28 ; elapsed = 00:22:16 . Memory (MB): peak = 3286.309 ; gain = 1212.570

Time (s): cpu = 00:30:28 ; elapsed = 00:22:16 . Memory (MB): peak = 3286.309 ; gain = 1212.570
Phase 4.1 Post Commit Optimization | Checksum: f40131e6

Time (s): cpu = 00:30:28 ; elapsed = 00:22:17 . Memory (MB): peak = 3286.309 ; gain = 1212.570

Phase 4.2 Post Placement Cleanup
Phase 4.2 Post Placement Cleanup | Checksum: f40131e6

Time (s): cpu = 00:30:35 ; elapsed = 00:22:23 . Memory (MB): peak = 3286.309 ; gain = 1212.570

Phase 4.3 Placer Reporting

Phase 4.3.1 Print Estimated Congestion
INFO: [Place 30-612] Post-Placement Estimated Congestion 
 ____________________________________________________
|           | Global Congestion | Short Congestion  |
| Direction | Region Size       | Region Size       |
|___________|___________________|___________________|
|      North|                1x1|                2x2|
|___________|___________________|___________________|
|      South|                1x1|                4x4|
|___________|___________________|___________________|
|       East|                1x1|                2x2|
|___________|___________________|___________________|
|       West|                1x1|                1x1|
|___________|___________________|___________________|

Phase 4.3.1 Print Estimated Congestion | Checksum: f40131e6

Time (s): cpu = 00:30:35 ; elapsed = 00:22:24 . Memory (MB): peak = 3286.309 ; gain = 1212.570
Phase 4.3 Placer Reporting | Checksum: f40131e6

Time (s): cpu = 00:30:36 ; elapsed = 00:22:24 . Memory (MB): peak = 3286.309 ; gain = 1212.570

Phase 4.4 Final Placement Cleanup
Netlist sorting complete. Time (s): cpu = 00:00:00 ; elapsed = 00:00:00.041 . Memory (MB): peak = 3286.309 ; gain = 0.000

Time (s): cpu = 00:30:36 ; elapsed = 00:22:24 . Memory (MB): peak = 3286.309 ; gain = 1212.570
Phase 4 Post Placement Optimization and Clean-Up | Checksum: 13f7ce47b

Time (s): cpu = 00:30:36 ; elapsed = 00:22:24 . Memory (MB): peak = 3286.309 ; gain = 1212.570
Ending Placer Task | Checksum: 108b60c02

Time (s): cpu = 00:30:36 ; elapsed = 00:22:25 . Memory (MB): peak = 3286.309 ; gain = 1212.570
INFO: [Common 17-83] Releasing license: Implementation
86 Infos, 0 Warnings, 0 Critical Warnings and 0 Errors encountered.
place_design completed successfully
place_design: Time (s): cpu = 00:30:41 ; elapsed = 00:22:28 . Memory (MB): peak = 3286.309 ; gain = 1212.570
INFO: [runtcl-4] Executing : report_io -file soc_lite_top_io_placed.rpt
report_io: Time (s): cpu = 00:00:00 ; elapsed = 00:00:00.121 . Memory (MB): peak = 3286.309 ; gain = 0.000
INFO: [runtcl-4] Executing : report_utilization -file soc_lite_top_utilization_placed.rpt -pb soc_lite_top_utilization_placed.pb
INFO: [runtcl-4] Executing : report_control_sets -verbose -file soc_lite_top_control_sets_placed.rpt
report_control_sets: Time (s): cpu = 00:00:00 ; elapsed = 00:00:00.153 . Memory (MB): peak = 3286.309 ; gain = 0.000
INFO: [Timing 38-480] Writing timing data to binary archive.
Writing XDEF routing.
Writing XDEF routing logical nets.
Writing XDEF routing special nets.
Write XDEF Complete: Time (s): cpu = 00:00:11 ; elapsed = 00:00:06 . Memory (MB): peak = 3286.309 ; gain = 0.000
report_design_analysis: Time (s): cpu = 00:00:07 ; elapsed = 00:00:07 . Memory (MB): peak = 3286.309 ; gain = 0.000
INFO: [Common 17-1381] The checkpoint 'D:/nscscc/cdp_ede_local-master/mycpu_env/soc_verify/soc_dram/run_vivado/project/loongson.runs/impl_1/soc_lite_top_placed.dcp' has been generated.
write_checkpoint: Time (s): cpu = 00:00:20 ; elapsed = 00:00:16 . Memory (MB): peak = 3286.309 ; gain = 0.000
Command: phys_opt_design
Attempting to get a license for feature 'Implementation' and/or device 'xc7a100ti'
INFO: [Common 17-349] Got license for feature 'Implementation' and/or device 'xc7a100ti'

Starting Initial Update Timing Task

Time (s): cpu = 00:01:50 ; elapsed = 00:01:30 . Memory (MB): peak = 3286.309 ; gain = 0.000
INFO: [Vivado_Tcl 4-1435] PhysOpt_Tcl_Interface Runtime Before Starting Physical Synthesis Task | CPU: 112.00s |  WALL: 90.47s
Netlist sorting complete. Time (s): cpu = 00:00:00 ; elapsed = 00:00:00.050 . Memory (MB): peak = 3286.309 ; gain = 0.000

Starting Physical Synthesis Task

Phase 1 Physical Synthesis Initialization
INFO: [Physopt 32-721] Multithreading enabled for phys_opt_design using a maximum of 2 CPUs
INFO: [Physopt 32-619] Estimated Timing Summary | WNS=-5.178 | TNS=-5215.040 |
Phase 1 Physical Synthesis Initialization | Checksum: 20f051594

Time (s): cpu = 00:00:48 ; elapsed = 00:00:37 . Memory (MB): peak = 3286.309 ; gain = 0.000
INFO: [Physopt 32-619] Estimated Timing Summary | WNS=-5.178 | TNS=-5215.040 |

Phase 2 DSP Register Optimization
INFO: [Physopt 32-456] No candidate cells for DSP register optimization found in the design.
INFO: [Physopt 32-775] End 2 Pass. Optimized 0 net or cell. Created 0 new cell, deleted 0 existing cell and moved 0 existing cell
Phase 2 DSP Register Optimization | Checksum: 20f051594

Time (s): cpu = 00:00:55 ; elapsed = 00:00:44 . Memory (MB): peak = 3286.309 ; gain = 0.000

Phase 3 Critical Path Optimization
INFO: [Physopt 32-619] Estimated Timing Summary | WNS=-5.178 | TNS=-5215.040 |
INFO: [Physopt 32-702] Processed net cpu/u_regfile/rf_reg_r1_0_31_30_31__0/DPO. Optimizations did not improve timing on the net.
INFO: [Physopt 32-702] Processed net pll.clk_pll/inst/cpu_clk_clk_pll. Optimizations did not improve timing on the net.
INFO: [Physopt 32-710] Processed net cpu/u_regfile/rf_reg_r1_0_31_30_31__0_i_1_n_0. Critical path length was reduced through logic transformation on cell cpu/u_regfile/rf_reg_r1_0_31_30_31__0_i_1_comp.
INFO: [Physopt 32-735] Processed net cpu/u_regfile/rf_reg_r1_0_31_30_31__0_i_5_n_0. Optimization improves timing on the net.
INFO: [Physopt 32-619] Estimated Timing Summary | WNS=-5.163 | TNS=-5214.360 |
INFO: [Physopt 32-702] Processed net cpu/u_regfile/rf_reg_r2_0_31_12_17/DOB1. Optimizations did not improve timing on the net.
INFO: [Physopt 32-710] Processed net cpu/u_regfile/rf_reg_r1_0_31_12_17_i_3_n_0. Critical path length was reduced through logic transformation on cell cpu/u_regfile/rf_reg_r1_0_31_12_17_i_3_comp.
INFO: [Physopt 32-735] Processed net cpu/u_regfile/rf_reg_r1_0_31_12_17_i_13_n_0. Optimization improves timing on the net.
INFO: [Physopt 32-619] Estimated Timing Summary | WNS=-5.076 | TNS=-5213.608 |
INFO: [Physopt 32-702] Processed net cpu/u_regfile/rf_reg_r1_0_31_6_11/DOC1. Optimizations did not improve timing on the net.
INFO: [Physopt 32-710] Processed net cpu/u_regfile/rf_reg_r1_0_31_6_11_i_5_n_0. Critical path length was reduced through logic transformation on cell cpu/u_regfile/rf_reg_r1_0_31_6_11_i_5_comp.
INFO: [Physopt 32-735] Processed net cpu/u_regfile/rf_reg_r1_0_31_6_11_i_23_n_0. Optimization improves timing on the net.
INFO: [Physopt 32-619] Estimated Timing Summary | WNS=-5.047 | TNS=-5213.466 |
INFO: [Physopt 32-702] Processed net cpu/u_regfile/rf_reg_r2_0_31_0_5/DOB1. Optimizations did not improve timing on the net.
INFO: [Physopt 32-702] Processed net cpu/u_regfile/rf_reg_r1_0_31_0_5_i_28_n_0. Optimizations did not improve timing on the net.
INFO: [Physopt 32-710] Processed net cpu/u_regfile/rf_reg_r1_0_31_0_5_i_28_n_0. Critical path length was reduced through logic transformation on cell cpu/u_regfile/rf_reg_r1_0_31_0_5_i_28_comp.
INFO: [Physopt 32-735] Processed net data_ram/U0/synth_options.dist_mem_inst/gen_sp_ram.spram_inst/spo[3]. Optimization improves timing on the net.
INFO: [Physopt 32-619] Estimated Timing Summary | WNS=-5.023 | TNS=-5213.346 |
INFO: [Physopt 32-702] Processed net cpu/u_regfile/rf_reg_r1_0_31_24_29/DOB0. Optimizations did not improve timing on the net.
INFO: [Physopt 32-710] Processed net cpu/u_regfile/rf_reg_r1_0_31_24_29_i_4_n_0. Critical path length was reduced through logic transformation on cell cpu/u_regfile/rf_reg_r1_0_31_24_29_i_4_comp.
INFO: [Physopt 32-735] Processed net cpu/u_regfile/rf_reg_r1_0_31_24_29_i_14_n_0. Optimization improves timing on the net.
INFO: [Physopt 32-619] Estimated Timing Summary | WNS=-5.014 | TNS=-5213.282 |
INFO: [Physopt 32-702] Processed net cpu/u_regfile/rf_reg_r2_0_31_30_31/DPO. Optimizations did not improve timing on the net.
INFO: [Physopt 32-710] Processed net cpu/u_regfile/rf_reg_r1_0_31_30_31_i_1_n_0. Critical path length was reduced through logic transformation on cell cpu/u_regfile/rf_reg_r1_0_31_30_31_i_1_comp.
INFO: [Physopt 32-735] Processed net cpu/u_regfile/rf_reg_r1_0_31_30_31_i_3_n_0. Optimization improves timing on the net.
INFO: [Physopt 32-619] Estimated Timing Summary | WNS=-5.008 | TNS=-5213.104 |
INFO: [Physopt 32-710] Processed net cpu/u_regfile/rf_reg_r1_0_31_30_31__0_i_1_n_0. Critical path length was reduced through logic transformation on cell cpu/u_regfile/rf_reg_r1_0_31_30_31__0_i_1_comp_1.
INFO: [Physopt 32-735] Processed net cpu/u_regfile/rf_reg_r1_0_31_30_31__0_i_6_n_0. Optimization improves timing on the net.
INFO: [Physopt 32-619] Estimated Timing Summary | WNS=-5.005 | TNS=-5212.968 |
INFO: [Physopt 32-663] Processed net cpu/u_regfile/rf_reg_r1_0_31_6_11_i_17_n_0.  Re-placed instance cpu/u_regfile/rf_reg_r1_0_31_6_11_i_17
INFO: [Physopt 32-735] Processed net cpu/u_regfile/rf_reg_r1_0_31_6_11_i_17_n_0. Optimization improves timing on the net.
INFO: [Physopt 32-619] Estimated Timing Summary | WNS=-5.000 | TNS=-5213.106 |
INFO: [Physopt 32-702] Processed net cpu/u_regfile/rf_reg_r2_0_31_24_29/DOA0. Optimizations did not improve timing on the net.
INFO: [Physopt 32-663] Processed net cpu/u_regfile/rf_reg_r1_0_31_24_29_i_10_n_0.  Re-placed instance cpu/u_regfile/rf_reg_r1_0_31_24_29_i_10
INFO: [Physopt 32-735] Processed net cpu/u_regfile/rf_reg_r1_0_31_24_29_i_10_n_0. Optimization improves timing on the net.
INFO: [Physopt 32-619] Estimated Timing Summary | WNS=-4.993 | TNS=-5212.838 |
INFO: [Physopt 32-663] Processed net cpu/u_regfile/rf_reg_r1_0_31_6_11_i_24_n_0.  Re-placed instance cpu/u_regfile/rf_reg_r1_0_31_6_11_i_24
INFO: [Physopt 32-735] Processed net cpu/u_regfile/rf_reg_r1_0_31_6_11_i_24_n_0. Optimization improves timing on the net.
INFO: [Physopt 32-619] Estimated Timing Summary | WNS=-4.991 | TNS=-5212.598 |
INFO: [Physopt 32-663] Processed net cpu/u_regfile/rf_reg_r1_0_31_24_29_i_14_n_0.  Re-placed instance cpu/u_regfile/rf_reg_r1_0_31_24_29_i_14_comp
INFO: [Physopt 32-735] Processed net cpu/u_regfile/rf_reg_r1_0_31_24_29_i_14_n_0. Optimization improves timing on the net.
INFO: [Physopt 32-619] Estimated Timing Summary | WNS=-4.988 | TNS=-5212.162 |
INFO: [Physopt 32-702] Processed net cpu/u_regfile/rf_reg_r2_0_31_18_23/DOA1. Optimizations did not improve timing on the net.
INFO: [Physopt 32-663] Processed net cpu/u_regfile/rf_reg_r1_0_31_18_23_i_8_n_0.  Re-placed instance cpu/u_regfile/rf_reg_r1_0_31_18_23_i_8
INFO: [Physopt 32-735] Processed net cpu/u_regfile/rf_reg_r1_0_31_18_23_i_8_n_0. Optimization improves timing on the net.
INFO: [Physopt 32-619] Estimated Timing Summary | WNS=-4.987 | TNS=-5211.646 |
INFO: [Physopt 32-702] Processed net cpu/u_regfile/rf_reg_r1_0_31_6_11_i_21_n_0. Optimizations did not improve timing on the net.
INFO: [Physopt 32-710] Processed net cpu/u_regfile/rf_reg_r1_0_31_6_11_i_21_n_0. Critical path length was reduced through logic transformation on cell cpu/u_regfile/rf_reg_r1_0_31_6_11_i_21_comp.
INFO: [Physopt 32-735] Processed net cpu/u_regfile/rf_reg_r1_0_31_6_11_i_48_n_0. Optimization improves timing on the net.
INFO: [Physopt 32-619] Estimated Timing Summary | WNS=-4.985 | TNS=-5211.538 |
INFO: [Physopt 32-702] Processed net cpu/u_regfile/rf_reg_r2_0_31_18_23/DOC0. Optimizations did not improve timing on the net.
INFO: [Physopt 32-702] Processed net data_ram/U0/synth_options.dist_mem_inst/gen_sp_ram.spram_inst/spo[22]. Optimizations did not improve timing on the net.
INFO: [Physopt 32-702] Processed net data_ram/U0/synth_options.dist_mem_inst/gen_sp_ram.spram_inst/ram_reg_512_767_22_22/O. Optimizations did not improve timing on the net.
INFO: [Physopt 32-702] Processed net data_ram/U0/synth_options.dist_mem_inst/gen_sp_ram.spram_inst/ram_reg_512_767_22_22/O0. Optimizations did not improve timing on the net.
INFO: [Physopt 32-663] Processed net cpu/u_regfile/rf_reg_r1_0_31_18_23_i_6_n_0.  Re-placed instance cpu/u_regfile/rf_reg_r1_0_31_18_23_i_6
INFO: [Physopt 32-735] Processed net cpu/u_regfile/rf_reg_r1_0_31_18_23_i_6_n_0. Optimization improves timing on the net.
INFO: [Physopt 32-619] Estimated Timing Summary | WNS=-4.981 | TNS=-5211.288 |
INFO: [Physopt 32-702] Processed net cpu/u_regfile/rf_reg_r1_0_31_6_11/DOB1. Optimizations did not improve timing on the net.
INFO: [Physopt 32-710] Processed net cpu/u_regfile/rf_reg_r1_0_31_6_11_i_3_n_0. Critical path length was reduced through logic transformation on cell cpu/u_regfile/rf_reg_r1_0_31_6_11_i_3_comp.
INFO: [Physopt 32-735] Processed net cpu/u_regfile/rf_reg_r1_0_31_6_11_i_18_n_0. Optimization improves timing on the net.
INFO: [Physopt 32-619] Estimated Timing Summary | WNS=-4.979 | TNS=-5210.816 |
INFO: [Physopt 32-702] Processed net cpu/u_regfile/rf_reg_r2_0_31_0_5/DOA0. Optimizations did not improve timing on the net.
INFO: [Physopt 32-663] Processed net cpu/u_regfile/rf_reg_r1_0_31_0_5_i_22_n_0.  Re-placed instance cpu/u_regfile/rf_reg_r1_0_31_0_5_i_22
INFO: [Physopt 32-735] Processed net cpu/u_regfile/rf_reg_r1_0_31_0_5_i_22_n_0. Optimization improves timing on the net.
INFO: [Physopt 32-619] Estimated Timing Summary | WNS=-4.977 | TNS=-5210.812 |
INFO: [Physopt 32-663] Processed net cpu/u_regfile/rf_reg_r1_0_31_0_5_i_26_n_0.  Re-placed instance cpu/u_regfile/rf_reg_r1_0_31_0_5_i_26
INFO: [Physopt 32-735] Processed net cpu/u_regfile/rf_reg_r1_0_31_0_5_i_26_n_0. Optimization improves timing on the net.
INFO: [Physopt 32-619] Estimated Timing Summary | WNS=-4.974 | TNS=-5210.788 |
INFO: [Physopt 32-663] Processed net cpu/u_regfile/rf_reg_r1_0_31_30_31__0_i_6_n_0.  Re-placed instance cpu/u_regfile/rf_reg_r1_0_31_30_31__0_i_6_comp_1
INFO: [Physopt 32-735] Processed net cpu/u_regfile/rf_reg_r1_0_31_30_31__0_i_6_n_0. Optimization improves timing on the net.
INFO: [Physopt 32-619] Estimated Timing Summary | WNS=-4.969 | TNS=-5210.660 |
INFO: [Physopt 32-663] Processed net cpu/u_regfile/rf_reg_r1_0_31_30_31_i_3_n_0.  Re-placed instance cpu/u_regfile/rf_reg_r1_0_31_30_31_i_3_comp
INFO: [Physopt 32-735] Processed net cpu/u_regfile/rf_reg_r1_0_31_30_31_i_3_n_0. Optimization improves timing on the net.
INFO: [Physopt 32-619] Estimated Timing Summary | WNS=-4.965 | TNS=-5210.488 |
INFO: [Physopt 32-702] Processed net cpu/u_regfile/rf_reg_r1_0_31_0_5_i_22_n_0. Optimizations did not improve timing on the net.
INFO: [Physopt 32-710] Processed net cpu/u_regfile/rf_reg_r1_0_31_0_5_i_22_n_0. Critical path length was reduced through logic transformation on cell cpu/u_regfile/rf_reg_r1_0_31_0_5_i_22_comp.
INFO: [Physopt 32-735] Processed net data_ram/U0/synth_options.dist_mem_inst/gen_sp_ram.spram_inst/spo[0]. Optimization improves timing on the net.
INFO: [Physopt 32-619] Estimated Timing Summary | WNS=-4.960 | TNS=-5210.288 |
INFO: [Physopt 32-608] Optimized 1 net.  Swapped 24 pins.
INFO: [Physopt 32-735] Processed net cpu/u_regfile/rf_reg_r1_0_31_6_11_i_49_n_0. Optimization improves timing on the net.
INFO: [Physopt 32-619] Estimated Timing Summary | WNS=-4.955 | TNS=-5210.102 |
INFO: [Physopt 32-702] Processed net cpu/u_regfile/rf_reg_r2_0_31_18_23/DOB0. Optimizations did not improve timing on the net.
INFO: [Physopt 32-608] Optimized 1 net.  Swapped 24 pins.
INFO: [Physopt 32-735] Processed net cpu/u_regfile/rf_reg_r1_0_31_18_23_i_14_n_0. Optimization improves timing on the net.
INFO: [Physopt 32-619] Estimated Timing Summary | WNS=-4.950 | TNS=-5209.886 |
INFO: [Physopt 32-702] Processed net cpu/u_regfile/rf_reg_r1_0_31_0_5/DOB0. Optimizations did not improve timing on the net.
INFO: [Physopt 32-663] Processed net cpu/u_regfile/rf_reg_r1_0_31_0_5_i_33_n_0.  Re-placed instance cpu/u_regfile/rf_reg_r1_0_31_0_5_i_33
INFO: [Physopt 32-735] Processed net cpu/u_regfile/rf_reg_r1_0_31_0_5_i_33_n_0. Optimization improves timing on the net.
INFO: [Physopt 32-619] Estimated Timing Summary | WNS=-4.942 | TNS=-5209.870 |
INFO: [Physopt 32-710] Processed net cpu/u_regfile/rf_reg_r1_0_31_0_5_i_5_n_0. Critical path length was reduced through logic transformation on cell cpu/u_regfile/rf_reg_r1_0_31_0_5_i_5_comp.
INFO: [Physopt 32-735] Processed net cpu/u_regfile/rf_reg_r1_0_31_0_5_i_33_n_0. Optimization improves timing on the net.
INFO: [Physopt 32-619] Estimated Timing Summary | WNS=-4.942 | TNS=-5209.691 |
INFO: [Physopt 32-710] Processed net cpu/u_regfile/rf_reg_r1_0_31_30_31__0_i_1_n_0. Critical path length was reduced through logic transformation on cell cpu/u_regfile/rf_reg_r1_0_31_30_31__0_i_1_comp.
INFO: [Physopt 32-735] Processed net cpu/u_regfile/rf_reg_r1_0_31_30_31__0_i_6_n_0_repN. Optimization improves timing on the net.
INFO: [Physopt 32-619] Estimated Timing Summary | WNS=-4.926 | TNS=-5209.587 |
INFO: [Physopt 32-608] Optimized 1 net.  Swapped 22 pins.
INFO: [Physopt 32-735] Processed net cpu/u_regfile/rf_reg_r1_0_31_30_31_i_4_n_0. Optimization improves timing on the net.
INFO: [Physopt 32-619] Estimated Timing Summary | WNS=-4.916 | TNS=-5209.039 |
INFO: [Physopt 32-702] Processed net cpu/u_regfile/rf_reg_r1_0_31_30_31__0_i_6_n_0. Optimizations did not improve timing on the net.
INFO: [Physopt 32-663] Processed net u_confreg/cr5_reg[31]_0.  Re-placed instance u_confreg/rf_reg_r1_0_31_30_31__0_i_20
INFO: [Physopt 32-735] Processed net u_confreg/cr5_reg[31]_0. Optimization improves timing on the net.
INFO: [Physopt 32-619] Estimated Timing Summary | WNS=-4.912 | TNS=-5208.219 |
INFO: [Physopt 32-702] Processed net cpu/u_regfile/rf_reg_r1_0_31_0_5/DOA1. Optimizations did not improve timing on the net.
INFO: [Physopt 32-663] Processed net cpu/u_regfile/rf_reg_r1_0_31_0_5_i_17_n_0.  Re-placed instance cpu/u_regfile/rf_reg_r1_0_31_0_5_i_17
INFO: [Physopt 32-735] Processed net cpu/u_regfile/rf_reg_r1_0_31_0_5_i_17_n_0. Optimization improves timing on the net.
INFO: [Physopt 32-619] Estimated Timing Summary | WNS=-4.885 | TNS=-5208.051 |
INFO: [Physopt 32-702] Processed net cpu/u_regfile/rf_reg_r2_0_31_24_29/DOC0. Optimizations did not improve timing on the net.
INFO: [Physopt 32-663] Processed net cpu/u_regfile/rf_reg_r1_0_31_24_29_i_20_n_0.  Re-placed instance cpu/u_regfile/rf_reg_r1_0_31_24_29_i_20
INFO: [Physopt 32-735] Processed net cpu/u_regfile/rf_reg_r1_0_31_24_29_i_20_n_0. Optimization improves timing on the net.
INFO: [Physopt 32-619] Estimated Timing Summary | WNS=-4.883 | TNS=-5207.797 |
INFO: [Physopt 32-702] Processed net cpu/u_regfile/rf_reg_r1_0_31_18_23/DOA0. Optimizations did not improve timing on the net.
INFO: [Physopt 32-663] Processed net cpu/u_regfile/rf_reg_r1_0_31_18_23_i_10_n_0.  Re-placed instance cpu/u_regfile/rf_reg_r1_0_31_18_23_i_10
INFO: [Physopt 32-735] Processed net cpu/u_regfile/rf_reg_r1_0_31_18_23_i_10_n_0. Optimization improves timing on the net.
INFO: [Physopt 32-619] Estimated Timing Summary | WNS=-4.878 | TNS=-5207.733 |
INFO: [Physopt 32-663] Processed net cpu/u_regfile/rf_reg_r1_0_31_18_23_i_6_n_0.  Re-placed instance cpu/u_regfile/rf_reg_r1_0_31_18_23_i_6
INFO: [Physopt 32-735] Processed net cpu/u_regfile/rf_reg_r1_0_31_18_23_i_6_n_0. Optimization improves timing on the net.
INFO: [Physopt 32-619] Estimated Timing Summary | WNS=-4.873 | TNS=-5207.611 |
INFO: [Physopt 32-608] Optimized 1 net.  Swapped 6 pins.
INFO: [Physopt 32-735] Processed net cpu/u_regfile/rf_reg_r1_0_31_6_11_i_24_n_0. Optimization improves timing on the net.
INFO: [Physopt 32-619] Estimated Timing Summary | WNS=-4.869 | TNS=-5207.521 |
INFO: [Physopt 32-663] Processed net cpu/u_regfile/rf_reg_r1_0_31_18_23_i_18_n_0.  Re-placed instance cpu/u_regfile/rf_reg_r1_0_31_18_23_i_18
INFO: [Physopt 32-735] Processed net cpu/u_regfile/rf_reg_r1_0_31_18_23_i_18_n_0. Optimization improves timing on the net.
INFO: [Physopt 32-619] Estimated Timing Summary | WNS=-4.869 | TNS=-5207.395 |
INFO: [Physopt 32-702] Processed net cpu/u_regfile/rf_reg_r1_0_31_18_23_i_9_n_0. Optimizations did not improve timing on the net.
INFO: [Physopt 32-710] Processed net cpu/u_regfile/rf_reg_r1_0_31_18_23_i_9_n_0. Critical path length was reduced through logic transformation on cell cpu/u_regfile/rf_reg_r1_0_31_18_23_i_9_comp.
INFO: [Physopt 32-735] Processed net cpu/u_regfile/rf_reg_r1_0_31_18_23_i_25_n_0. Optimization improves timing on the net.
INFO: [Physopt 32-619] Estimated Timing Summary | WNS=-4.868 | TNS=-5207.367 |
INFO: [Physopt 32-710] Processed net cpu/u_regfile/rf_reg_r1_0_31_12_17_i_3_n_0. Critical path length was reduced through logic transformation on cell cpu/u_regfile/rf_reg_r1_0_31_12_17_i_3_comp_1.
INFO: [Physopt 32-735] Processed net cpu/u_regfile/rf_reg_r1_0_31_6_11_i_17_n_0. Optimization improves timing on the net.
INFO: [Physopt 32-619] Estimated Timing Summary | WNS=-4.866 | TNS=-5207.003 |
INFO: [Physopt 32-710] Processed net cpu/u_regfile/rf_reg_r1_0_31_24_29_i_2_n_0. Critical path length was reduced through logic transformation on cell cpu/u_regfile/rf_reg_r1_0_31_24_29_i_2_comp.
INFO: [Physopt 32-735] Processed net cpu/u_regfile/rf_reg_r1_0_31_24_29_i_10_n_0. Optimization improves timing on the net.
INFO: [Physopt 32-619] Estimated Timing Summary | WNS=-4.865 | TNS=-5206.587 |
INFO: [Physopt 32-663] Processed net cpu/u_regfile/rf_reg_r1_0_31_0_5_i_24_n_0.  Re-placed instance cpu/u_regfile/rf_reg_r1_0_31_0_5_i_24
INFO: [Physopt 32-735] Processed net cpu/u_regfile/rf_reg_r1_0_31_0_5_i_24_n_0. Optimization improves timing on the net.
INFO: [Physopt 32-619] Estimated Timing Summary | WNS=-4.862 | TNS=-5206.303 |
INFO: [Physopt 32-702] Processed net cpu/u_regfile/rf_reg_r2_0_31_12_17/DOA1. Optimizations did not improve timing on the net.
INFO: [Physopt 32-663] Processed net cpu/u_regfile/rf_reg_r1_0_31_12_17_i_9_n_0.  Re-placed instance cpu/u_regfile/rf_reg_r1_0_31_12_17_i_9
INFO: [Physopt 32-735] Processed net cpu/u_regfile/rf_reg_r1_0_31_12_17_i_9_n_0. Optimization improves timing on the net.
INFO: [Physopt 32-619] Estimated Timing Summary | WNS=-4.855 | TNS=-5205.811 |
INFO: [Physopt 32-702] Processed net data_ram/U0/synth_options.dist_mem_inst/gen_sp_ram.spram_inst/spo[3]_repN. Optimizations did not improve timing on the net.
INFO: [Physopt 32-702] Processed net data_ram/U0/synth_options.dist_mem_inst/gen_sp_ram.spram_inst/ram_reg_0_255_3_3/O. Optimizations did not improve timing on the net.
INFO: [Physopt 32-702] Processed net data_ram/U0/synth_options.dist_mem_inst/gen_sp_ram.spram_inst/ram_reg_0_255_3_3/O0. Optimizations did not improve timing on the net.
INFO: [Physopt 32-608] Optimized 1 net.  Swapped 22 pins.
INFO: [Physopt 32-735] Processed net cpu/u_regfile/rf_reg_r1_0_31_0_5_i_4_n_0. Optimization improves timing on the net.
INFO: [Physopt 32-619] Estimated Timing Summary | WNS=-4.851 | TNS=-5204.779 |
INFO: [Physopt 32-710] Processed net cpu/u_regfile/rf_reg_r1_0_31_18_23_i_2_n_0. Critical path length was reduced through logic transformation on cell cpu/u_regfile/rf_reg_r1_0_31_18_23_i_2_comp.
INFO: [Physopt 32-735] Processed net cpu/u_regfile/rf_reg_r1_0_31_18_23_i_10_n_0. Optimization improves timing on the net.
INFO: [Physopt 32-619] Estimated Timing Summary | WNS=-4.847 | TNS=-5204.757 |
INFO: [Physopt 32-702] Processed net cpu/u_regfile/rf_reg_r1_0_31_18_23_i_14_n_0. Optimizations did not improve timing on the net.
INFO: [Physopt 32-663] Processed net u_confreg/cr1_reg[20]_0.  Re-placed instance u_confreg/rf_reg_r1_0_31_18_23_i_39
INFO: [Physopt 32-735] Processed net u_confreg/cr1_reg[20]_0. Optimization improves timing on the net.
INFO: [Physopt 32-619] Estimated Timing Summary | WNS=-4.840 | TNS=-5204.681 |
INFO: [Physopt 32-702] Processed net data_ram/U0/synth_options.dist_mem_inst/gen_sp_ram.spram_inst/spo[18]. Optimizations did not improve timing on the net.
INFO: [Physopt 32-702] Processed net data_ram/U0/synth_options.dist_mem_inst/gen_sp_ram.spram_inst/ram_reg_256_511_18_18/O. Optimizations did not improve timing on the net.
INFO: [Physopt 32-702] Processed net data_ram/U0/synth_options.dist_mem_inst/gen_sp_ram.spram_inst/ram_reg_256_511_18_18/O0. Optimizations did not improve timing on the net.
INFO: [Physopt 32-663] Processed net cpu/u_regfile/rf_reg_r1_0_31_18_23_i_2_n_0.  Re-placed instance cpu/u_regfile/rf_reg_r1_0_31_18_23_i_2_comp
INFO: [Physopt 32-735] Processed net cpu/u_regfile/rf_reg_r1_0_31_18_23_i_2_n_0. Optimization improves timing on the net.
INFO: [Physopt 32-619] Estimated Timing Summary | WNS=-4.830 | TNS=-5204.606 |
INFO: [Physopt 32-608] Optimized 1 net.  Swapped 22 pins.
INFO: [Physopt 32-735] Processed net cpu/u_regfile/rf_reg_r1_0_31_18_23_i_2_n_0. Optimization improves timing on the net.
INFO: [Physopt 32-619] Estimated Timing Summary | WNS=-4.828 | TNS=-5204.264 |
INFO: [Physopt 32-710] Processed net cpu/u_regfile/rf_reg_r1_0_31_0_5_i_2_n_0. Critical path length was reduced through logic transformation on cell cpu/u_regfile/rf_reg_r1_0_31_0_5_i_2_comp.
INFO: [Physopt 32-735] Processed net cpu/u_regfile/rf_reg_r1_0_31_0_5_i_20_n_0. Optimization improves timing on the net.
INFO: [Physopt 32-619] Estimated Timing Summary | WNS=-4.828 | TNS=-5204.250 |
INFO: [Physopt 32-710] Processed net cpu/u_regfile/rf_reg_r1_0_31_6_11_i_5_n_0. Critical path length was reduced through logic transformation on cell cpu/u_regfile/rf_reg_r1_0_31_6_11_i_5_comp_1.
INFO: [Physopt 32-735] Processed net cpu/u_regfile/rf_reg_r1_0_31_6_11_i_17_n_0. Optimization improves timing on the net.
INFO: [Physopt 32-619] Estimated Timing Summary | WNS=-4.820 | TNS=-5203.724 |
INFO: [Physopt 32-702] Processed net data_ram/U0/synth_options.dist_mem_inst/gen_sp_ram.spram_inst/ram_reg_512_767_15_15/OA. Optimizations did not improve timing on the net.
INFO: [Physopt 32-710] Processed net data_ram/U0/synth_options.dist_mem_inst/gen_sp_ram.spram_inst/ram_reg_512_767_0_0_i_1_n_0. Critical path length was reduced through logic transformation on cell data_ram/U0/synth_options.dist_mem_inst/gen_sp_ram.spram_inst/ram_reg_512_767_0_0_i_1_comp.
INFO: [Physopt 32-735] Processed net cpu/u_regfile/we. Optimization improves timing on the net.
INFO: [Physopt 32-619] Estimated Timing Summary | WNS=-4.815 | TNS=-5158.987 |
INFO: [Physopt 32-702] Processed net cpu/u_regfile/rf_reg_r1_0_31_0_5_i_17_n_0. Optimizations did not improve timing on the net.
INFO: [Physopt 32-710] Processed net cpu/u_regfile/rf_reg_r1_0_31_0_5_i_17_n_0. Critical path length was reduced through logic transformation on cell cpu/u_regfile/rf_reg_r1_0_31_0_5_i_17_comp.
INFO: [Physopt 32-735] Processed net data_ram/U0/synth_options.dist_mem_inst/gen_sp_ram.spram_inst/spo[1]. Optimization improves timing on the net.
INFO: [Physopt 32-619] Estimated Timing Summary | WNS=-4.809 | TNS=-5158.753 |
INFO: [Physopt 32-663] Processed net data_ram/U0/synth_options.dist_mem_inst/gen_sp_ram.spram_inst/spo[20].  Re-placed instance data_ram/U0/synth_options.dist_mem_inst/gen_sp_ram.spram_inst/spo[20]_INST_0
INFO: [Physopt 32-735] Processed net data_ram/U0/synth_options.dist_mem_inst/gen_sp_ram.spram_inst/spo[20]. Optimization improves timing on the net.
INFO: [Physopt 32-619] Estimated Timing Summary | WNS=-4.806 | TNS=-5158.701 |
INFO: [Physopt 32-608] Optimized 1 net.  Swapped 24 pins.
INFO: [Physopt 32-735] Processed net cpu/u_regfile/rf_reg_r1_0_31_18_23_i_6_n_0. Optimization improves timing on the net.
INFO: [Physopt 32-619] Estimated Timing Summary | WNS=-4.803 | TNS=-5158.695 |
INFO: [Physopt 32-663] Processed net cpu/u_regfile/rf_reg_r1_0_31_18_23_i_6_n_0.  Re-placed instance cpu/u_regfile/rf_reg_r1_0_31_18_23_i_6
INFO: [Physopt 32-735] Processed net cpu/u_regfile/rf_reg_r1_0_31_18_23_i_6_n_0. Optimization improves timing on the net.
INFO: [Physopt 32-619] Estimated Timing Summary | WNS=-4.789 | TNS=-5158.733 |
INFO: [Physopt 32-710] Processed net cpu/u_regfile/rf_reg_r1_0_31_30_31_i_1_n_0. Critical path length was reduced through logic transformation on cell cpu/u_regfile/rf_reg_r1_0_31_30_31_i_1_comp_1.
INFO: [Physopt 32-735] Processed net cpu/u_regfile/rf_reg_r1_0_31_30_31_i_3_n_0. Optimization improves timing on the net.
INFO: [Physopt 32-619] Estimated Timing Summary | WNS=-4.782 | TNS=-5158.277 |
INFO: [Physopt 32-702] Processed net cpu/u_regfile/rf_reg_r2_0_31_18_23/DOC1. Optimizations did not improve timing on the net.
INFO: [Physopt 32-663] Processed net data_ram/U0/synth_options.dist_mem_inst/gen_sp_ram.spram_inst/spo[23].  Re-placed instance data_ram/U0/synth_options.dist_mem_inst/gen_sp_ram.spram_inst/spo[23]_INST_0
INFO: [Physopt 32-735] Processed net data_ram/U0/synth_options.dist_mem_inst/gen_sp_ram.spram_inst/spo[23]. Optimization improves timing on the net.
INFO: [Physopt 32-619] Estimated Timing Summary | WNS=-4.782 | TNS=-5158.083 |
INFO: [Physopt 32-81] Processed net cpu/u_regfile/rf_reg_r1_0_31_0_5_i_34_n_0. Replicated 1 times.
INFO: [Physopt 32-735] Processed net cpu/u_regfile/rf_reg_r1_0_31_0_5_i_34_n_0. Optimization improves timing on the net.
INFO: [Physopt 32-619] Estimated Timing Summary | WNS=-4.776 | TNS=-5161.613 |
INFO: [Physopt 32-702] Processed net cpu/u_regfile/rf_reg_r1_0_31_24_29/DOB1. Optimizations did not improve timing on the net.
INFO: [Physopt 32-710] Processed net cpu/u_regfile/rf_reg_r1_0_31_24_29_i_3_n_0. Critical path length was reduced through logic transformation on cell cpu/u_regfile/rf_reg_r1_0_31_24_29_i_3_comp.
INFO: [Physopt 32-735] Processed net cpu/u_regfile/rf_reg_r1_0_31_24_29_i_12_n_0. Optimization improves timing on the net.
INFO: [Physopt 32-619] Estimated Timing Summary | WNS=-4.773 | TNS=-5161.515 |
INFO: [Physopt 32-663] Processed net cpu/u_regfile/rf_reg_r1_0_31_24_29_i_14_n_0.  Re-placed instance cpu/u_regfile/rf_reg_r1_0_31_24_29_i_14_comp
INFO: [Physopt 32-735] Processed net cpu/u_regfile/rf_reg_r1_0_31_24_29_i_14_n_0. Optimization improves timing on the net.
INFO: [Physopt 32-619] Estimated Timing Summary | WNS=-4.763 | TNS=-5161.257 |
INFO: [Physopt 32-702] Processed net cpu/u_regfile/rf_reg_r1_0_31_12_17/DOB0. Optimizations did not improve timing on the net.
INFO: [Physopt 32-608] Optimized 1 net.  Swapped 21 pins.
INFO: [Physopt 32-735] Processed net cpu/u_regfile/rf_reg_r1_0_31_12_17_i_16_n_0. Optimization improves timing on the net.
INFO: [Physopt 32-619] Estimated Timing Summary | WNS=-4.758 | TNS=-5161.040 |
INFO: [Physopt 32-710] Processed net cpu/u_regfile/rf_reg_r1_0_31_24_29_i_6_n_0. Critical path length was reduced through logic transformation on cell cpu/u_regfile/rf_reg_r1_0_31_24_29_i_6_comp.
INFO: [Physopt 32-735] Processed net data_ram/U0/synth_options.dist_mem_inst/gen_sp_ram.spram_inst/spo[28]. Optimization improves timing on the net.
INFO: [Physopt 32-619] Estimated Timing Summary | WNS=-4.756 | TNS=-5161.031 |
INFO: [Physopt 32-710] Processed net cpu/u_regfile/rf_reg_r1_0_31_18_23_i_5_n_0. Critical path length was reduced through logic transformation on cell cpu/u_regfile/rf_reg_r1_0_31_18_23_i_5_comp.
INFO: [Physopt 32-735] Processed net cpu/u_regfile/rf_reg_r1_0_31_18_23_i_16_n_0. Optimization improves timing on the net.
INFO: [Physopt 32-619] Estimated Timing Summary | WNS=-4.754 | TNS=-5160.889 |
INFO: [Physopt 32-663] Processed net data_ram/U0/synth_options.dist_mem_inst/gen_sp_ram.spram_inst/spo[28]_repN_1.  Re-placed instance data_ram/U0/synth_options.dist_mem_inst/gen_sp_ram.spram_inst/spo[28]_INST_0_comp_1
INFO: [Physopt 32-735] Processed net data_ram/U0/synth_options.dist_mem_inst/gen_sp_ram.spram_inst/spo[28]_repN_1. Optimization improves timing on the net.
INFO: [Physopt 32-619] Estimated Timing Summary | WNS=-4.752 | TNS=-5160.839 |
INFO: [Physopt 32-702] Processed net cpu/u_regfile/rf_reg_r1_0_31_18_23_i_6_n_0. Optimizations did not improve timing on the net.
INFO: [Physopt 32-702] Processed net cpu/u_regfile/a[2]. Optimizations did not improve timing on the net.
INFO: [Physopt 32-710] Processed net cpu/u_regfile/a[2]. Critical path length was reduced through logic transformation on cell cpu/u_regfile/data_ram_i_8_comp.
INFO: [Physopt 32-735] Processed net cpu/u_regfile/cr1[31]_i_7_0. Optimization improves timing on the net.
INFO: [Physopt 32-619] Estimated Timing Summary | WNS=-4.749 | TNS=-5097.753 |
INFO: [Physopt 32-710] Processed net cpu/u_regfile/rf_reg_r1_0_31_6_11_i_3_n_0. Critical path length was reduced through logic transformation on cell cpu/u_regfile/rf_reg_r1_0_31_6_11_i_3_comp_1.
INFO: [Physopt 32-735] Processed net cpu/u_regfile/rf_reg_r1_0_31_6_11_i_18_n_0. Optimization improves timing on the net.
INFO: [Physopt 32-619] Estimated Timing Summary | WNS=-4.731 | TNS=-5097.715 |
INFO: [Physopt 32-702] Processed net cpu/u_regfile/rf_reg_r1_0_31_18_23/DOB1. Optimizations did not improve timing on the net.
INFO: [Physopt 32-710] Processed net cpu/u_regfile/rf_reg_r1_0_31_18_23_i_3_n_0. Critical path length was reduced through logic transformation on cell cpu/u_regfile/rf_reg_r1_0_31_18_23_i_3_comp.
INFO: [Physopt 32-735] Processed net cpu/u_regfile/rf_reg_r1_0_31_18_23_i_12_n_0. Optimization improves timing on the net.
INFO: [Physopt 32-619] Estimated Timing Summary | WNS=-4.730 | TNS=-5097.563 |
INFO: [Physopt 32-702] Processed net cpu/u_regfile/rf_reg_r1_0_31_6_11_i_18_n_0. Optimizations did not improve timing on the net.
INFO: [Physopt 32-710] Processed net cpu/u_regfile/rf_reg_r1_0_31_6_11_i_18_n_0. Critical path length was reduced through logic transformation on cell cpu/u_regfile/rf_reg_r1_0_31_6_11_i_18_comp.
INFO: [Physopt 32-735] Processed net data_ram/U0/synth_options.dist_mem_inst/gen_sp_ram.spram_inst/spo[9]. Optimization improves timing on the net.
INFO: [Physopt 32-619] Estimated Timing Summary | WNS=-4.730 | TNS=-5097.239 |
INFO: [Physopt 32-608] Optimized 1 net.  Swapped 23 pins.
INFO: [Physopt 32-735] Processed net cpu/u_regfile/rf_reg_r1_0_31_18_23_i_8_n_0. Optimization improves timing on the net.
INFO: [Physopt 32-619] Estimated Timing Summary | WNS=-4.721 | TNS=-5097.013 |
INFO: [Physopt 32-608] Optimized 1 net.  Swapped 22 pins.
INFO: [Physopt 32-735] Processed net cpu/u_regfile/rf_reg_r1_0_31_0_5_i_34_n_0_repN. Optimization improves timing on the net.
INFO: [Physopt 32-619] Estimated Timing Summary | WNS=-4.717 | TNS=-5096.931 |
INFO: [Physopt 32-608] Optimized 1 net.  Swapped 20 pins.
INFO: [Physopt 32-735] Processed net cpu/u_regfile/rf_reg_r1_0_31_24_29_i_20_n_0. Optimization improves timing on the net.
INFO: [Physopt 32-619] Estimated Timing Summary | WNS=-4.712 | TNS=-5096.761 |
INFO: [Physopt 32-663] Processed net cpu/u_regfile/rf_reg_r1_0_31_30_31__0_i_6_n_0_repN_1.  Re-placed instance cpu/u_regfile/rf_reg_r1_0_31_30_31__0_i_6_comp_3
INFO: [Physopt 32-735] Processed net cpu/u_regfile/rf_reg_r1_0_31_30_31__0_i_6_n_0_repN_1. Optimization improves timing on the net.
INFO: [Physopt 32-619] Estimated Timing Summary | WNS=-4.705 | TNS=-5096.709 |
INFO: [Physopt 32-702] Processed net data_ram/U0/synth_options.dist_mem_inst/gen_sp_ram.spram_inst/ram_reg_0_255_11_11/OA. Optimizations did not improve timing on the net.
INFO: [Physopt 32-710] Processed net data_ram/U0/synth_options.dist_mem_inst/gen_sp_ram.spram_inst/ram_reg_0_255_0_0_i_1_n_0. Critical path length was reduced through logic transformation on cell data_ram/U0/synth_options.dist_mem_inst/gen_sp_ram.spram_inst/ram_reg_0_255_0_0_i_1_comp.
INFO: [Physopt 32-735] Processed net cpu/u_regfile/we. Optimization improves timing on the net.
INFO: [Physopt 32-619] Estimated Timing Summary | WNS=-4.699 | TNS=-5073.103 |
INFO: [Physopt 32-702] Processed net cpu/u_regfile/rf_reg_r1_0_31_30_31__0_i_6_n_0_repN_1. Optimizations did not improve timing on the net.
INFO: [Physopt 32-663] Processed net cpu/u_regfile/rf_reg_r1_0_31_24_29_i_17_n_0.  Re-placed instance cpu/u_regfile/rf_reg_r1_0_31_24_29_i_17
INFO: [Physopt 32-735] Processed net cpu/u_regfile/rf_reg_r1_0_31_24_29_i_17_n_0. Optimization improves timing on the net.
INFO: [Physopt 32-619] Estimated Timing Summary | WNS=-4.694 | TNS=-5072.103 |
INFO: [Physopt 32-663] Processed net cpu/u_regfile/rf_reg_r1_0_31_0_5_i_35_n_0.  Re-placed instance cpu/u_regfile/rf_reg_r1_0_31_0_5_i_35
INFO: [Physopt 32-735] Processed net cpu/u_regfile/rf_reg_r1_0_31_0_5_i_35_n_0. Optimization improves timing on the net.
INFO: [Physopt 32-619] Estimated Timing Summary | WNS=-4.692 | TNS=-5071.567 |
INFO: [Physopt 32-608] Optimized 1 net.  Swapped 18 pins.
INFO: [Physopt 32-735] Processed net cpu/u_regfile/rf_reg_r1_0_31_12_17_i_14_n_0. Optimization improves timing on the net.
INFO: [Physopt 32-619] Estimated Timing Summary | WNS=-4.690 | TNS=-5071.355 |
INFO: [Physopt 32-702] Processed net cpu/u_regfile/rf_reg_r1_0_31_6_11/DOA0. Optimizations did not improve timing on the net.
INFO: [Physopt 32-710] Processed net cpu/u_regfile/rf_reg_r1_0_31_6_11_i_2_n_0. Critical path length was reduced through logic transformation on cell cpu/u_regfile/rf_reg_r1_0_31_6_11_i_2_comp.
INFO: [Physopt 32-735] Processed net cpu/u_regfile/rf_reg_r1_0_31_6_11_i_14_n_0. Optimization improves timing on the net.
INFO: [Physopt 32-619] Estimated Timing Summary | WNS=-4.687 | TNS=-5070.865 |
INFO: [Physopt 32-702] Processed net data_ram/U0/synth_options.dist_mem_inst/gen_sp_ram.spram_inst/ram_reg_256_511_1_1/O. Optimizations did not improve timing on the net.
INFO: [Physopt 32-702] Processed net data_ram/U0/synth_options.dist_mem_inst/gen_sp_ram.spram_inst/ram_reg_256_511_1_1/O1. Optimizations did not improve timing on the net.
INFO: [Physopt 32-608] Optimized 1 net.  Swapped 22 pins.
INFO: [Physopt 32-735] Processed net cpu/u_regfile/rf_reg_r1_0_31_0_5_i_2_n_0. Optimization improves timing on the net.
INFO: [Physopt 32-619] Estimated Timing Summary | WNS=-4.685 | TNS=-5070.353 |
INFO: [Physopt 32-663] Processed net cpu/u_regfile/rf_reg_r1_0_31_18_23_i_16_n_0.  Re-placed instance cpu/u_regfile/rf_reg_r1_0_31_18_23_i_16_comp
INFO: [Physopt 32-735] Processed net cpu/u_regfile/rf_reg_r1_0_31_18_23_i_16_n_0. Optimization improves timing on the net.
INFO: [Physopt 32-619] Estimated Timing Summary | WNS=-4.680 | TNS=-5070.029 |
INFO: [Physopt 32-702] Processed net data_ram/U0/synth_options.dist_mem_inst/gen_sp_ram.spram_inst/ram_reg_256_511_0_0/O. Optimizations did not improve timing on the net.
INFO: [Physopt 32-702] Processed net data_ram/U0/synth_options.dist_mem_inst/gen_sp_ram.spram_inst/ram_reg_256_511_0_0/O0. Optimizations did not improve timing on the net.
INFO: [Physopt 32-702] Processed net cpu/u_regfile/rf_reg_r1_0_31_0_5_i_3_n_0. Optimizations did not improve timing on the net.
INFO: [Physopt 32-702] Processed net cpu/u_regfile/a[0]. Optimizations did not improve timing on the net.
INFO: [Physopt 32-710] Processed net cpu/u_regfile/a[0]. Critical path length was reduced through logic transformation on cell cpu/u_regfile/data_ram_i_10_comp.
INFO: [Physopt 32-735] Processed net cpu/u_regfile/rf_reg_r1_0_31_0_5_i_32_n_0. Optimization improves timing on the net.
INFO: [Physopt 32-619] Estimated Timing Summary | WNS=-4.680 | TNS=-5063.434 |
INFO: [Physopt 32-608] Optimized 1 net.  Swapped 6 pins.
INFO: [Physopt 32-735] Processed net data_ram/U0/synth_options.dist_mem_inst/gen_sp_ram.spram_inst/spo[20]. Optimization improves timing on the net.
INFO: [Physopt 32-619] Estimated Timing Summary | WNS=-4.677 | TNS=-5063.428 |
INFO: [Physopt 32-608] Optimized 1 net.  Swapped 15 pins.
INFO: [Physopt 32-735] Processed net u_confreg/cr1_reg[20]_0. Optimization improves timing on the net.
INFO: [Physopt 32-619] Estimated Timing Summary | WNS=-4.676 | TNS=-5063.414 |
INFO: [Physopt 32-663] Processed net data_ram/U0/synth_options.dist_mem_inst/gen_sp_ram.spram_inst/spo[30].  Re-placed instance data_ram/U0/synth_options.dist_mem_inst/gen_sp_ram.spram_inst/spo[30]_INST_0
INFO: [Physopt 32-735] Processed net data_ram/U0/synth_options.dist_mem_inst/gen_sp_ram.spram_inst/spo[30]. Optimization improves timing on the net.
INFO: [Physopt 32-619] Estimated Timing Summary | WNS=-4.670 | TNS=-5063.226 |
INFO: [Physopt 32-663] Processed net cpu/u_regfile/rf_reg_r1_0_31_18_23_i_40_n_0.  Re-placed instance cpu/u_regfile/rf_reg_r1_0_31_18_23_i_40
INFO: [Physopt 32-735] Processed net cpu/u_regfile/rf_reg_r1_0_31_18_23_i_40_n_0. Optimization improves timing on the net.
INFO: [Physopt 32-619] Estimated Timing Summary | WNS=-4.660 | TNS=-5063.122 |
INFO: [Physopt 32-710] Processed net cpu/u_regfile/rf_reg_r1_0_31_24_29_i_2_n_0. Critical path length was reduced through logic transformation on cell cpu/u_regfile/rf_reg_r1_0_31_24_29_i_2_comp_1.
INFO: [Physopt 32-735] Processed net cpu/u_regfile/rf_reg_r1_0_31_24_29_i_10_n_0_repN. Optimization improves timing on the net.
INFO: [Physopt 32-619] Estimated Timing Summary | WNS=-4.656 | TNS=-5062.940 |
INFO: [Physopt 32-710] Processed net cpu/u_regfile/rf_reg_r1_0_31_24_29_i_3_n_0. Critical path length was reduced through logic transformation on cell cpu/u_regfile/rf_reg_r1_0_31_24_29_i_3_comp_1.
INFO: [Physopt 32-735] Processed net data_ram/U0/synth_options.dist_mem_inst/gen_sp_ram.spram_inst/spo[27]. Optimization improves timing on the net.
INFO: [Physopt 32-619] Estimated Timing Summary | WNS=-4.654 | TNS=-5062.786 |
INFO: [Physopt 32-710] Processed net cpu/u_regfile/rf_reg_r1_0_31_12_17_i_4_n_0. Critical path length was reduced through logic transformation on cell cpu/u_regfile/rf_reg_r1_0_31_12_17_i_4_comp.
INFO: [Physopt 32-735] Processed net cpu/u_regfile/rf_reg_r1_0_31_12_17_i_16_n_0. Optimization improves timing on the net.
INFO: [Physopt 32-619] Estimated Timing Summary | WNS=-4.651 | TNS=-5062.412 |
INFO: [Physopt 32-702] Processed net data_ram/U0/synth_options.dist_mem_inst/gen_sp_ram.spram_inst/ram_reg_768_1023_18_18/OA. Optimizations did not improve timing on the net.
INFO: [Physopt 32-710] Processed net data_ram/U0/synth_options.dist_mem_inst/gen_sp_ram.spram_inst/ram_reg_768_1023_0_0_i_1_n_0. Critical path length was reduced through logic transformation on cell data_ram/U0/synth_options.dist_mem_inst/gen_sp_ram.spram_inst/ram_reg_768_1023_0_0_i_1_comp.
INFO: [Physopt 32-735] Processed net cpu/u_regfile/we. Optimization improves timing on the net.
INFO: [Physopt 32-619] Estimated Timing Summary | WNS=-4.646 | TNS=-4984.412 |
INFO: [Physopt 32-702] Processed net cpu/u_regfile/rf_reg_r2_0_31_6_11/DOA1. Optimizations did not improve timing on the net.
INFO: [Physopt 32-710] Processed net cpu/u_regfile/rf_reg_r1_0_31_6_11_i_1_n_0. Critical path length was reduced through logic transformation on cell cpu/u_regfile/rf_reg_r1_0_31_6_11_i_1_comp.
INFO: [Physopt 32-735] Processed net cpu/u_regfile/rf_reg_r1_0_31_6_11_i_9_n_0. Optimization improves timing on the net.
INFO: [Physopt 32-619] Estimated Timing Summary | WNS=-4.644 | TNS=-4983.980 |
INFO: [Physopt 32-702] Processed net data_ram/U0/synth_options.dist_mem_inst/gen_sp_ram.spram_inst/ram_reg_256_511_0_0/O1. Optimizations did not improve timing on the net.
INFO: [Physopt 32-702] Processed net cpu/u_regfile/a[3]. Optimizations did not improve timing on the net.
INFO: [Physopt 32-710] Processed net cpu/u_regfile/a[3]. Critical path length was reduced through logic transformation on cell cpu/u_regfile/data_ram_i_7_comp.
INFO: [Physopt 32-735] Processed net cpu/u_regfile/virtual_uart_data[7]_i_5_0. Optimization improves timing on the net.
INFO: [Physopt 32-619] Estimated Timing Summary | WNS=-4.644 | TNS=-4917.995 |
INFO: [Physopt 32-710] Processed net cpu/u_regfile/rf_reg_r1_0_31_24_29_i_4_n_0. Critical path length was reduced through logic transformation on cell cpu/u_regfile/rf_reg_r1_0_31_24_29_i_4_comp_1.
INFO: [Physopt 32-735] Processed net cpu/u_regfile/rf_reg_r1_0_31_24_29_i_14_n_0. Optimization improves timing on the net.
INFO: [Physopt 32-619] Estimated Timing Summary | WNS=-4.636 | TNS=-4917.987 |
INFO: [Physopt 32-601] Processed net cpu/u_regfile/rf_reg_r1_0_31_0_5_i_81_n_0. Net driver cpu/u_regfile/rf_reg_r1_0_31_0_5_i_81 was replaced.
INFO: [Physopt 32-735] Processed net cpu/u_regfile/rf_reg_r1_0_31_0_5_i_81_n_0. Optimization improves timing on the net.
INFO: [Physopt 32-619] Estimated Timing Summary | WNS=-4.634 | TNS=-4917.006 |
INFO: [Physopt 32-663] Processed net cpu/u_regfile/rf_reg_r1_0_31_0_5_i_81_n_0.  Re-placed instance cpu/u_regfile/rf_reg_r1_0_31_0_5_i_81
INFO: [Physopt 32-735] Processed net cpu/u_regfile/rf_reg_r1_0_31_0_5_i_81_n_0. Optimization improves timing on the net.
INFO: [Physopt 32-619] Estimated Timing Summary | WNS=-4.630 | TNS=-4908.537 |
INFO: [Physopt 32-710] Processed net cpu/u_regfile/rf_reg_r1_0_31_0_5_i_3_n_0. Critical path length was reduced through logic transformation on cell cpu/u_regfile/rf_reg_r1_0_31_0_5_i_3_comp.
INFO: [Physopt 32-735] Processed net cpu/u_regfile/rf_reg_r1_0_31_0_5_i_24_n_0. Optimization improves timing on the net.
INFO: [Physopt 32-619] Estimated Timing Summary | WNS=-4.630 | TNS=-4908.431 |
INFO: [Physopt 32-608] Optimized 1 net.  Swapped 16 pins.
INFO: [Physopt 32-735] Processed net cpu/u_regfile/rf_reg_r1_0_31_24_29_i_14_n_0_repN. Optimization improves timing on the net.
INFO: [Physopt 32-619] Estimated Timing Summary | WNS=-4.630 | TNS=-4908.253 |
INFO: [Physopt 32-663] Processed net data_ram/U0/synth_options.dist_mem_inst/gen_sp_ram.spram_inst/spo[28]_repN_1.  Re-placed instance data_ram/U0/synth_options.dist_mem_inst/gen_sp_ram.spram_inst/spo[28]_INST_0_comp_1
INFO: [Physopt 32-735] Processed net data_ram/U0/synth_options.dist_mem_inst/gen_sp_ram.spram_inst/spo[28]_repN_1. Optimization improves timing on the net.
INFO: [Physopt 32-619] Estimated Timing Summary | WNS=-4.629 | TNS=-4908.215 |
INFO: [Physopt 32-702] Processed net cpu/u_regfile/rf_reg_r1_0_31_30_31_i_4_n_0. Optimizations did not improve timing on the net.
INFO: [Physopt 32-663] Processed net u_confreg/cr1_reg[30]_0.  Re-placed instance u_confreg/rf_reg_r1_0_31_30_31_i_6
INFO: [Physopt 32-735] Processed net u_confreg/cr1_reg[30]_0. Optimization improves timing on the net.
INFO: [Physopt 32-619] Estimated Timing Summary | WNS=-4.625 | TNS=-4907.895 |
INFO: [Physopt 32-608] Optimized 1 net.  Swapped 23 pins.
INFO: [Physopt 32-735] Processed net cpu/u_regfile/rf_reg_r1_0_31_0_5_i_34_n_0_repN. Optimization improves timing on the net.
INFO: [Physopt 32-619] Estimated Timing Summary | WNS=-4.617 | TNS=-4907.811 |
INFO: [Physopt 32-710] Processed net cpu/u_regfile/rf_reg_r1_0_31_18_23_i_1_n_0. Critical path length was reduced through logic transformation on cell cpu/u_regfile/rf_reg_r1_0_31_18_23_i_1_comp.
INFO: [Physopt 32-735] Processed net cpu/u_regfile/rf_reg_r1_0_31_18_23_i_8_n_0. Optimization improves timing on the net.
INFO: [Physopt 32-619] Estimated Timing Summary | WNS=-4.616 | TNS=-4907.793 |
INFO: [Physopt 32-702] Processed net data_ram/U0/synth_options.dist_mem_inst/gen_sp_ram.spram_inst/ram_reg_256_511_20_20/OA. Optimizations did not improve timing on the net.
INFO: [Physopt 32-710] Processed net data_ram/U0/synth_options.dist_mem_inst/gen_sp_ram.spram_inst/ram_reg_256_511_0_0_i_1_n_0. Critical path length was reduced through logic transformation on cell data_ram/U0/synth_options.dist_mem_inst/gen_sp_ram.spram_inst/ram_reg_256_511_0_0_i_1_comp.
INFO: [Physopt 32-735] Processed net cpu/u_regfile/we. Optimization improves timing on the net.
INFO: [Physopt 32-619] Estimated Timing Summary | WNS=-4.611 | TNS=-4866.192 |
INFO: [Physopt 32-702] Processed net data_ram/U0/synth_options.dist_mem_inst/gen_sp_ram.spram_inst/spo[28]_repN_1. Optimizations did not improve timing on the net.
INFO: [Physopt 32-702] Processed net data_ram/U0/synth_options.dist_mem_inst/gen_sp_ram.spram_inst/ram_reg_0_255_28_28/O. Optimizations did not improve timing on the net.
INFO: [Physopt 32-702] Processed net data_ram/U0/synth_options.dist_mem_inst/gen_sp_ram.spram_inst/ram_reg_0_255_28_28/O1. Optimizations did not improve timing on the net.
INFO: [Physopt 32-608] Optimized 1 net.  Swapped 18 pins.
INFO: [Physopt 32-735] Processed net cpu/u_regfile/rf_reg_r1_0_31_24_29_i_6_n_0. Optimization improves timing on the net.
INFO: [Physopt 32-619] Estimated Timing Summary | WNS=-4.610 | TNS=-4865.846 |
INFO: [Physopt 32-710] Processed net cpu/u_regfile/rf_reg_r1_0_31_30_31__0_i_6_n_0_repN_1. Critical path length was reduced through logic transformation on cell cpu/u_regfile/rf_reg_r1_0_31_30_31__0_i_6_comp.
INFO: [Physopt 32-735] Processed net cpu/u_regfile/rf_reg_r1_0_31_24_29_i_17_n_0. Optimization improves timing on the net.
INFO: [Physopt 32-619] Estimated Timing Summary | WNS=-4.608 | TNS=-4866.744 |
INFO: [Common 17-14] Message 'Physopt 32-619' appears 100 times and further instances of the messages will be disabled. Use the Tcl command set_msg_config to change the current settings.
